I'm sorry, but errors were detected in your script. Please correct the
errors listed below, and try again.


File "game/game_screens.rpy", line 17: 'max_width' is not a keyword argument or valid child for the frame statement.
    max_width 700
             ^

Ren'Py Version: Ren'Py 8.0.3.22090809
Fri Aug  8 20:56:11 2025
